Renesas Optimizing Linker (W3.01.00 )             16-May-2019 17:41:25

*** Options ***

-subcommand=DefaultBuild\Pedestrial_fan.clnk
-Input=DefaultBuild\cstart.obj
-Input=DefaultBuild\r_cg_main.obj
-Input=DefaultBuild\r_cg_systeminit.obj
-Input=DefaultBuild\r_cg_cgc.obj
-Input=DefaultBuild\r_cg_cgc_user.obj
-Input=DefaultBuild\r_cg_port.obj
-Input=DefaultBuild\r_cg_port_user.obj
-Input=DefaultBuild\r_cg_it.obj
-Input=DefaultBuild\r_cg_it_user.obj
-Input=DefaultBuild\r_cg_adc.obj
-Input=DefaultBuild\r_cg_adc_user.obj
-SECURITY_ID=00000000000000000000
-DEVICE=C:\Program Files (x86)\Renesas Electronics\CS+\CC\Device\RL78\Devicefile\DR5F10Y47.DVF
-DEBug
-NOCOmpress
-NOOPtimize
-OUtput=DefaultBuild\Pedestrial_fan.abs
-LIBrary=C:\Program Files (x86)\Renesas Electronics\CS+\CC\CC-RL\V1.08.00\lib\rl78nm4s.lib
-LIBrary=C:\Program Files (x86)\Renesas Electronics\CS+\CC\CC-RL\V1.08.00\lib\malloc_n.lib
-LIBrary=C:\Program Files (x86)\Renesas Electronics\CS+\CC\CC-RL\V1.08.00\lib\rl78nm4r.lib
-OCDBG=05
-USER_OPT_BYTE=EFFFF9
-LISt=DefaultBuild\Pedestrial_fan.map
-AUTO_SECTION_LAYOUT
-ROm=.data=.dataR
-ROm=.sdata=.sdataR
-NOMessage
-MEMory=High
-NOLOgo
-end

*** Error information ***

*** Mapping List ***

SECTION                            START      END         SIZE   ALIGN
.vect
                                  00000000  0000007f        80   0
.const
                                  00000080  00000080         0   2
.constf
                                  00000080  00000080         0   2
.sdata
                                  00000080  00000080         0   2
.data
                                  00000082  000000bf        3e   2
.option_byte
                                  000000c0  000000c3         4   1
.textf
                                  000000c0  000000c0         0   1
.RLIB
                                  000000c0  000000c0         0   1
.SLIB
                                  000000c0  000000c0         0   1
.security_id
                                  000000c4  000000cd         a   1
.text
                                  000000ce  00000313       246   1
.bss
                                  000ffce0  000ffce0         0   2
.dataR
                                  000ffce0  000ffd1d        3e   2
.sbss
                                  000ffe20  000ffe20         0   2
.sdataR
                                  000ffe20  000ffe20         0   2
